Microchip MPLAB XC8 Compiler V1.36 ()

Linker command line:

-W-3 --edf=C:\Program Files (x86)\Microchip\xc8\v1.36\dat\en_msgs.txt -cs \
  -h+dist/default/production\shift_register.production.sym \
  --cmf=dist/default/production\shift_register.production.cmf -z -Q16F877A \
  -oC:\Users\SYSTEM~1\AppData\Local\Temp\s420.2 \
  -Mdist/default/production/shift_register.production.map -E1 -ver=XC8 \
  -ASTACK=0110h-016fh -pstack=STACK -ACODE=00h-07FFhx4 -ASTRCODE=00h-01FFFh \
  -ASTRING=00h-0FFhx32 -ACONST=00h-0FFhx32 -AENTRY=00h-0FFhx32 \
  -ACOMMON=070h-07Fh -ABANK0=020h-06Fh -ABANK1=0A0h-0EFh \
  -ABANK2=0110h-016Fh -ABANK3=0190h-01EFh \
  -ARAM=020h-06Fh,0A0h-0EFh,0110h-016Fh,0190h-01EFh \
  -AABS1=020h-07Fh,0A0h-0EFh,0110h-016Fh,0190h-01EFh -ASFR0=00h-01Fh \
  -ASFR1=080h-09Fh -ASFR2=0100h-010Fh -ASFR3=0180h-018Fh \
  -preset_vec=00h,intentry,init,end_init -ppowerup=CODE -pcinit=CODE \
  -pfunctab=CODE -ACONFIG=02007h-02007h -pconfig=CONFIG -DCONFIG=2 \
  -AIDLOC=02000h-02003h -pidloc=IDLOC -DIDLOC=2 -AEEDATA=00h-0FFh/02100h \
  -peeprom_data=EEDATA -DEEDATA=2 -DCODE=2 -DSTRCODE=2 -DSTRING=2 -DCONST=2 \
  -DENTRY=2 -k C:\Users\SYSTEM~1\AppData\Local\Temp\s420.obj \
  dist/default/production\shift_register.production.obj 

Object code version is 3.11

Machine type is 16F877A



                Name                               Link     Load   Length Selector   Space Scale
C:\Users\SYSTEM~1\AppData\Local\Temp\s420.obj
                end_init                              0        0        3        0       0
                config                             2007     2007        1     400E       0
dist/default/production\shift_register.production.obj
                cinit                               7FC      7FC        4      FF8       0
                text7                               645      645       17      C8A       0
                text6                               65C      65C       17      CB8       0
                text5                               673      673       2A      CE6       0
                text4                               63D      63D        8      C7A       0
                text3                               715      715       59      E2A       0
                text2                               6CA      6CA       4B      D94       0
                text1                               76E      76E       8E      EDC       0
                maintext                            69D      69D       2D      D3A       0
                cstackBANK0                          20       20       14       20       1
                cstackCOMMON                         70       70        E       70       1
                strings                               3        3       1A        6       0

TOTAL           Name                               Link     Load   Length     Space
        CLASS   STACK          

        CLASS   CODE           
                end_init                              0        0        3         0
                cinit                               7FC      7FC        4         0
                text7                               645      645       17         0
                text6                               65C      65C       17         0
                text5                               673      673       2A         0
                text4                               63D      63D        8         0
                text3                               715      715       59         0
                text2                               6CA      6CA       4B         0
                text1                               76E      76E       8E         0
                maintext                            69D      69D       2D         0

        CLASS   STRCODE        

        CLASS   STRING         
                strings                               3        3       1A         0

        CLASS   CONST          

        CLASS   ENTRY          

        CLASS   COMMON         
                cstackCOMMON                         70       70        E         1

        CLASS   BANK0          
                cstackBANK0                          20       20       14         1

        CLASS   BANK1          

        CLASS   BANK2          

        CLASS   BANK3          

        CLASS   RAM            

        CLASS   ABS1           
                abs_s1                               7E       7E        2         1

        CLASS   SFR0           

        CLASS   SFR1           

        CLASS   SFR2           

        CLASS   SFR3           

        CLASS   CONFIG         
                config                             2007     2007        1         0

        CLASS   IDLOC          

        CLASS   EEDATA         



SEGMENTS        Name                           Load    Length   Top    Selector   Space  Class     Delta

                reset_vec                      000000  000003  000003         0       0  CODE        2
                strings                        000003  00001A  00001D         6       0  STRING      2
                cstackBANK0                    000020  000014  000034        20       1  BANK0       1
                cstackCOMMON                   000070  00000E  00007E        70       1  COMMON      1
                text4                          00063D  000008  000645       C7A       0  CODE        2
                text7                          000645  000017  00065C       C8A       0  CODE        2
                text6                          00065C  000017  000673       CB8       0  CODE        2
                text5                          000673  00002A  00069D       CE6       0  CODE        2
                maintext                       00069D  00002D  0006CA       D3A       0  CODE        2
                text2                          0006CA  00004B  000715       D94       0  CODE        2
                text3                          000715  000059  00076E       E2A       0  CODE        2
                text1                          00076E  00008E  0007FC       EDC       0  CODE        2
                cinit                          0007FC  000004  000800       FF8       0  CODE        2
                config                         002007  000001  002008      400E       0  CONFIG      2


UNUSED ADDRESS RANGES

        Name                Unused          Largest block    Delta
        BANK0            0034-006F             3C           1
        BANK1            00A0-00EF             50           1
        BANK2            0110-016F             60           1
        BANK3            0190-01EF             60           1
        CODE             001D-063C            620           2
                         0800-1FFF            800
        CONST            001D-063C            100           2
                         0800-1FFF            100
        EEDATA           2100-21FF            100           2
        ENTRY            001D-063C            100           2
                         0800-1FFF            100
        IDLOC            2000-2003              4           2
        RAM              0034-006F             3C           1
                         00A0-00EF             50
                         0110-016F             60
                         0190-01EF             60
        SFR0             0000-001F             20           1
        SFR1             0080-009F             20           1
        SFR2             0100-010F             10           1
        SFR3             0180-018F             10           1
        STACK            0110-016F             60           1
        STRCODE          001D-063C            620           2
                         0800-1FFF           1800
        STRING           001D-063C            100           2
                         0800-1FFF            100

                                  Symbol Table

?___awdiv                cstackCOMMON 0070
?___awmod                cstackCOMMON 0070
Serial_write@bitsent     cstackCOMMON 0077
Serial_write@i           cstackCOMMON 0078
Serial_write@value       cstackCOMMON 0076
Seven_Segment@x          cstackCOMMON 0070
_Latch                   text7        0645
_PORTD                   (abs)        0008
_PORTDbits               (abs)        0008
_SEGMENT_COMMONA         strings      0009
_Serial_write            text5        0673
_Seven_Segment           text4        063D
_TRISD                   (abs)        0088
__CFG_BOREN$ON           (abs)        0000
__CFG_CP$OFF             (abs)        0000
__CFG_CPD$OFF            (abs)        0000
__CFG_FOSC$HS            (abs)        0000
__CFG_LVP$OFF            (abs)        0000
__CFG_PWRTE$OFF          (abs)        0000
__CFG_WDTE$OFF           (abs)        0000
__CFG_WRT$OFF            (abs)        0000
__Habs1                  abs1         0000
__Hbank0                 bank0        0000
__Hbank1                 bank1        0000
__Hbank2                 bank2        0000
__Hbank3                 bank3        0000
__Hcinit                 cinit        0800
__Hclrtext               clrtext      0000
__Hcode                  code         0000
__Hcommon                common       0000
__Hconfig                config       2008
__HcstackBANK0           cstackBANK0  0000
__HcstackCOMMON          cstackCOMMON 0000
__Heeprom_data           eeprom_data  0000
__Hend_init              end_init     0003
__Hfunctab               functab      0000
__Hidloc                 idloc        0000
__Hinit                  init         0000
__Hintentry              intentry     0000
__Hmaintext              maintext     0000
__Hpowerup               powerup      0000
__Hram                   ram          0000
__Hreset_vec             reset_vec    0000
__Hsfr0                  sfr0         0000
__Hsfr1                  sfr1         0000
__Hsfr2                  sfr2         0000
__Hsfr3                  sfr3         0000
__Hspace_0               (abs)        2008
__Hspace_1               (abs)        007E
__Hspace_2               (abs)        0000
__Hspace_3               (abs)        0000
__Hstack                 stack        0000
__Hstrings               strings      0000
__Htext                  text         0000
__Labs1                  abs1         0000
__Lbank0                 bank0        0000
__Lbank1                 bank1        0000
__Lbank2                 bank2        0000
__Lbank3                 bank3        0000
__Lcinit                 cinit        07FC
__Lclrtext               clrtext      0000
__Lcode                  code         0000
__Lcommon                common       0000
__Lconfig                config       2007
__LcstackBANK0           cstackBANK0  0000
__LcstackCOMMON          cstackCOMMON 0000
__Leeprom_data           eeprom_data  0000
__Lend_init              end_init     0000
__Lfunctab               functab      0000
__Lidloc                 idloc        0000
__Linit                  init         0000
__Lintentry              intentry     0000
__Lmaintext              maintext     0000
__Lpowerup               powerup      0000
__Lram                   ram          0000
__Lreset_vec             reset_vec    0000
__Lsfr0                  sfr0         0000
__Lsfr1                  sfr1         0000
__Lsfr2                  sfr2         0000
__Lsfr3                  sfr3         0000
__Lspace_0               (abs)        0000
__Lspace_1               (abs)        0000
__Lspace_2               (abs)        0000
__Lspace_3               (abs)        0000
__Lstack                 stack        0000
__Lstrings               strings      0000
__Ltext                  text         0000
__S0                     (abs)        2008
__S1                     (abs)        007E
__S2                     (abs)        0000
__S3                     (abs)        0000
___awdiv                 text3        0715
___awdiv@counter         cstackCOMMON 0075
___awdiv@dividend        cstackCOMMON 0072
___awdiv@divisor         cstackCOMMON 0070
___awdiv@quotient        cstackCOMMON 0077
___awdiv@sign            cstackCOMMON 0076
___awmod                 text2        06CA
___awmod@counter         cstackCOMMON 0075
___awmod@dividend        cstackCOMMON 0072
___awmod@divisor         cstackCOMMON 0070
___awmod@sign            cstackCOMMON 0076
___int_sp                stack        0000
___latbits               (abs)        0002
___sp                    stack        0000
__end_of_Latch           text7        065C
__end_of_SEGMENT_COMMONA strings      0013
__end_of_SEGMENT_COMMONC strings      001D
__end_of_Serial_write    text5        069D
__end_of_Seven_Segment   text4        0645
__end_of___awdiv         text3        076E
__end_of___awmod         text2        0715
__end_of__initialization cinit        07FC
__end_of__stringtab      strings      0009
__end_of_clock           text6        0673
__end_of_display         text1        07FC
__end_of_main            maintext     06CA
__initialization         cinit        07FC
__pcstackBANK0           cstackBANK0  0020
__pcstackCOMMON          cstackCOMMON 0070
__pmaintext              maintext     069D
__pstrings               strings      0003
__ptext1                 text1        076E
__ptext2                 text2        06CA
__ptext3                 text3        0715
__ptext4                 text4        063D
__ptext5                 text5        0673
__ptext6                 text6        065C
__ptext7                 text7        0645
__size_of_Latch          (abs)        0000
__size_of_Serial_write   (abs)        0000
__size_of_Seven_Segment  (abs)        0000
__size_of___awdiv        (abs)        0000
__size_of___awmod        (abs)        0000
__size_of_clock          (abs)        0000
__size_of_display        (abs)        0000
__size_of_main           (abs)        0000
__stringbase             strings      0008
__stringtab              strings      0003
_clock                   text6        065C
_display                 text1        076E
_main                    maintext     069D
btemp                    (abs)        007E
display@data             cstackBANK0  002B
display@displayno        cstackCOMMON 007B
display@i                cstackBANK0  0030
display@j                cstackBANK0  002C
display@k                cstackBANK0  002E
display@myarray          cstackBANK0  0020
display@number           cstackCOMMON 0079
display@val              cstackBANK0  002A
end_of_initialization    cinit        07FC
intlevel0                functab      0000
intlevel1                functab      0000
intlevel2                functab      0000
intlevel3                functab      0000
intlevel4                functab      0000
intlevel5                functab      0000
ltemp                    (abs)        007E
ltemp0                   (abs)        007E
ltemp1                   (abs)        0082
ltemp2                   (abs)        0086
ltemp3                   (abs)        0080
main@x                   cstackBANK0  0032
reset_vec                reset_vec    0000
stackhi                  (abs)        0000
stacklo                  (abs)        0000
start                    init         0000
start_initialization     cinit        07FC
ttemp                    (abs)        007E
ttemp0                   (abs)        007E
ttemp1                   (abs)        0081
ttemp2                   (abs)        0084
ttemp3                   (abs)        0087
ttemp4                   (abs)        007F
wtemp                    (abs)        007E
wtemp0                   (abs)        007E
wtemp1                   (abs)        0080
wtemp2                   (abs)        0082
wtemp3                   (abs)        0084
wtemp4                   (abs)        0086
wtemp5                   (abs)        0088
wtemp6                   (abs)        007F


FUNCTION INFORMATION:

 *************** function _main *****************
 Defined at:
		line 79 in file "C:/Users/systematic/Documents/embedded_project/XC8/mine/shift_register/SHIFT.c"
 Parameters:    Size  Location     Type
		None
 Auto vars:     Size  Location     Type
  x               2   18[BANK0 ] int 
 Return value:  Size  Location     Type
                  1    wreg      void 
 Registers used:
		wreg, fsr0l, fsr0h, status,2, status,0, btemp+1, pclath, cstack
 Tracked objects:
		On entry : 
		On exit  : 
		Unchanged: 
 Data sizes:     COMMON   BANK0   BANK1   BANK3   BANK2
      Params:         0       0       0       0       0
      Locals:         0       2       0       0       0
      Temps:          0       1       0       0       0
      Totals:         0       3       0       0       0
Total ram usage:        3 bytes
 Hardware stack levels required when called:    3
 This function calls:
		_display
 This function is called by:
		Startup code after reset
 This function uses a non-reentrant model


 *************** function _display *****************
 Defined at:
		line 53 in file "C:/Users/systematic/Documents/embedded_project/XC8/mine/shift_register/SHIFT.c"
 Parameters:    Size  Location     Type
  number          2    9[COMMON] int 
  displayno       1   11[COMMON] unsigned char 
 Auto vars:     Size  Location     Type
  k               2   14[BANK0 ] int 
  j               2   12[BANK0 ] int 
  myarray        10    0[BANK0 ] unsigned char [10]
  i               1   16[BANK0 ] unsigned char 
  data            1   11[BANK0 ] unsigned char 
  val             1   10[BANK0 ] unsigned char 
 Return value:  Size  Location     Type
                  1    wreg      void 
 Registers used:
		wreg, fsr0l, fsr0h, status,2, status,0, pclath, cstack
 Tracked objects:
		On entry : 
		On exit  : 
		Unchanged: 
 Data sizes:     COMMON   BANK0   BANK1   BANK3   BANK2
      Params:         3       0       0       0       0
      Locals:         0      17       0       0       0
      Temps:          2       0       0       0       0
      Totals:         5      17       0       0       0
Total ram usage:       22 bytes
 Hardware stack levels used:    1
 Hardware stack levels required when called:    2
 This function calls:
		_Latch
		_Serial_write
		_Seven_Segment
		___awdiv
		___awmod
 This function is called by:
		_main
 This function uses a non-reentrant model


 *************** function ___awmod *****************
 Defined at:
		line 6 in file "C:\Program Files (x86)\Microchip\xc8\v1.36\sources\common\awmod.c"
 Parameters:    Size  Location     Type
  divisor         2    0[COMMON] int 
  dividend        2    2[COMMON] int 
 Auto vars:     Size  Location     Type
  sign            1    6[COMMON] unsigned char 
  counter         1    5[COMMON] unsigned char 
 Return value:  Size  Location     Type
                  2    0[COMMON] int 
 Registers used:
		wreg, status,2, status,0
 Tracked objects:
		On entry : 
		On exit  : 
		Unchanged: 
 Data sizes:     COMMON   BANK0   BANK1   BANK3   BANK2
      Params:         4       0       0       0       0
      Locals:         2       0       0       0       0
      Temps:          1       0       0       0       0
      Totals:         7       0       0       0       0
Total ram usage:        7 bytes
 Hardware stack levels used:    1
 This function calls:
		Nothing
 This function is called by:
		_display
 This function uses a non-reentrant model


 *************** function ___awdiv *****************
 Defined at:
		line 6 in file "C:\Program Files (x86)\Microchip\xc8\v1.36\sources\common\awdiv.c"
 Parameters:    Size  Location     Type
  divisor         2    0[COMMON] int 
  dividend        2    2[COMMON] int 
 Auto vars:     Size  Location     Type
  quotient        2    7[COMMON] int 
  sign            1    6[COMMON] unsigned char 
  counter         1    5[COMMON] unsigned char 
 Return value:  Size  Location     Type
                  2    0[COMMON] int 
 Registers used:
		wreg, status,2, status,0
 Tracked objects:
		On entry : 
		On exit  : 
		Unchanged: 
 Data sizes:     COMMON   BANK0   BANK1   BANK3   BANK2
      Params:         4       0       0       0       0
      Locals:         4       0       0       0       0
      Temps:          1       0       0       0       0
      Totals:         9       0       0       0       0
Total ram usage:        9 bytes
 Hardware stack levels used:    1
 This function calls:
		Nothing
 This function is called by:
		_display
 This function uses a non-reentrant model


 *************** function _Seven_Segment *****************
 Defined at:
		line 47 in file "C:/Users/systematic/Documents/embedded_project/XC8/mine/shift_register/SHIFT.c"
 Parameters:    Size  Location     Type
  x               1    wreg     unsigned char 
 Auto vars:     Size  Location     Type
  x               1    0[COMMON] unsigned char 
 Return value:  Size  Location     Type
                  1    wreg      unsigned char 
 Registers used:
		wreg, fsr0l, fsr0h, status,2, status,0, pclath
 Tracked objects:
		On entry : 
		On exit  : 
		Unchanged: 
 Data sizes:     COMMON   BANK0   BANK1   BANK3   BANK2
      Params:         0       0       0       0       0
      Locals:         1       0       0       0       0
      Temps:          0       0       0       0       0
      Totals:         1       0       0       0       0
Total ram usage:        1 bytes
 Hardware stack levels used:    2
 This function calls:
		Nothing
 This function is called by:
		_display
 This function uses a non-reentrant model


 *************** function _Serial_write *****************
 Defined at:
		line 33 in file "C:/Users/systematic/Documents/embedded_project/XC8/mine/shift_register/SHIFT.c"
 Parameters:    Size  Location     Type
  value           1    wreg     unsigned char 
 Auto vars:     Size  Location     Type
  value           1    6[COMMON] unsigned char 
  i               1    8[COMMON] unsigned char 
  bitsent         1    7[COMMON] unsigned char 
 Return value:  Size  Location     Type
                  1    wreg      void 
 Registers used:
		wreg, status,2, status,0, pclath, cstack
 Tracked objects:
		On entry : 
		On exit  : 
		Unchanged: 
 Data sizes:     COMMON   BANK0   BANK1   BANK3   BANK2
      Params:         0       0       0       0       0
      Locals:         3       0       0       0       0
      Temps:          4       0       0       0       0
      Totals:         7       0       0       0       0
Total ram usage:        7 bytes
 Hardware stack levels used:    1
 Hardware stack levels required when called:    1
 This function calls:
		_clock
 This function is called by:
		_display
 This function uses a non-reentrant model


 *************** function _clock *****************
 Defined at:
		line 16 in file "C:/Users/systematic/Documents/embedded_project/XC8/mine/shift_register/SHIFT.c"
 Parameters:    Size  Location     Type
		None
 Auto vars:     Size  Location     Type
		None
 Return value:  Size  Location     Type
                  1    wreg      void 
 Registers used:
		wreg
 Tracked objects:
		On entry : 
		On exit  : 
		Unchanged: 
 Data sizes:     COMMON   BANK0   BANK1   BANK3   BANK2
      Params:         0       0       0       0       0
      Locals:         0       0       0       0       0
      Temps:          2       0       0       0       0
      Totals:         2       0       0       0       0
Total ram usage:        2 bytes
 Hardware stack levels used:    1
 This function calls:
		Nothing
 This function is called by:
		_Serial_write
 This function uses a non-reentrant model


 *************** function _Latch *****************
 Defined at:
		line 25 in file "C:/Users/systematic/Documents/embedded_project/XC8/mine/shift_register/SHIFT.c"
 Parameters:    Size  Location     Type
		None
 Auto vars:     Size  Location     Type
		None
 Return value:  Size  Location     Type
                  1    wreg      void 
 Registers used:
		wreg
 Tracked objects:
		On entry : 
		On exit  : 
		Unchanged: 
 Data sizes:     COMMON   BANK0   BANK1   BANK3   BANK2
      Params:         0       0       0       0       0
      Locals:         0       0       0       0       0
      Temps:          2       0       0       0       0
      Totals:         2       0       0       0       0
Total ram usage:        2 bytes
 Hardware stack levels used:    1
 This function calls:
		Nothing
 This function is called by:
		_display
 This function uses a non-reentrant model



MODULE INFORMATION

Module		Function		Class		Link	Load	Size
C:\Program Files (x86)\Microchip\xc8\v1.36\sources\common\awdiv.c
		___awdiv       		CODE           	0715	0000	90

C:\Program Files (x86)\Microchip\xc8\v1.36\sources\common\awdiv.c estimated size: 90

shared
		__stringtab    		STRING         	0003	0000	7
		__initialization		CODE           	07FC	0000	1
		_SEGMENT_COMMONA		STRING         	0009	0000	11
		_SEGMENT_COMMONC		STRING         	0000	0000	0

shared estimated size: 19

C:/Users/systematic/Documents/embedded_project/XC8/mine/shift_register/SHIFT.c
		_clock         		CODE           	065C	0000	24
		_display       		CODE           	076E	0000	143
		_main          		CODE           	069D	0000	46
		_Serial_write  		CODE           	0673	0000	43
		_Latch         		CODE           	0645	0000	24
		_Seven_Segment 		CODE           	063D	0000	9

C:/Users/systematic/Documents/embedded_project/XC8/mine/shift_register/SHIFT.c estimated size: 289

C:\Program Files (x86)\Microchip\xc8\v1.36\sources\common\awmod.c
		___awmod       		CODE           	06CA	0000	76

C:\Program Files (x86)\Microchip\xc8\v1.36\sources\common\awmod.c estimated size: 76

